{
  "admin": {
    "access_log_path": "/dev/null",
    "address": {
      "socket_address": {
        "address": "127.0.0.1",
        "port_value": 19000
      }
    }
  },
  "node": {
    "cluster": "feaf6c11-f46f-4869-ba53-b0cc07f09659",
    "id": "feaf6c11-f46f-4869-ba53-b0cc07f09659",
    "metadata": {
      "namespace": "default",
      "partition": "default"
    }
  },
  "static_resources": {
    "clusters": [
      {
        "name": "self_admin",
        "ignore_health_on_host_removal": false,
        "connect_timeout": "5s",
        "type": "STATIC",
        "http_protocol_options": {},
        "loadAssignment": {
          "clusterName": "self_admin",
          "endpoints": [
            {
              "lbEndpoints": [
                {
                  "endpoint": {
                    "address": {
                      "socket_address": {
                        "address": "127.0.0.1",
                        "port_value": 19000
                      }
                    }
                  }
                }
              ]
            }
          ]
        }
      },
      {
        "name": "consul-server",
        "ignore_health_on_host_removal": false,
        "connect_timeout": "1s",
        "type": "STRICT_DNS",
        "transport_socket": {
          "name": "tls",
          "typed_config": {
            "@type": "type.googleapis.com/envoy.extensions.transport_sockets.tls.v3.UpstreamTlsContext",
            "common_tls_context": {
              "validation_context": {
                "trusted_ca": {
                  "filename": "/file/path/to/ca"
                }
              }
            }
          }
        },
        "http2_protocol_options": {},
        "loadAssignment": {
          "clusterName": "consul-server",
          "endpoints": [
            {
              "lbEndpoints": [
                {
                  "endpoint": {
                    "address": {
                      "socket_address": {
                        "address": "google.com",
                        "port_value": 4545
                      }
                    }
                  }
                }
              ]
            }
          ]
        }
      }
    ],
    "listeners": [
      {
        "name": "envoy_ready_listener",
        "address": {
          "socket_address": {
            "address": "0.0.0.0",
            "port_value": 20000
          }
        },
        "filter_chains": [
          {
            "filters": [
              {
                "name": "envoy.filters.network.http_connection_manager",
                "typedConfig": {
                  "@type": "type.googleapis.com/envoy.extensions.filters.network.http_connection_manager.v3.HttpConnectionManager",
                  "stat_prefix": "envoy_ready",
                  "codec_type": "HTTP1",
                  "route_config": {
                    "name": "self_admin_route",
                    "virtual_hosts": [
                      {
                        "name": "self_admin",
                        "domains": [
                          "*"
                        ],
                        "routes": [
                          {
                            "match": {
                              "path": "/ready"
                            },
                            "route": {
                              "cluster": "self_admin",
                              "prefix_rewrite": "/ready"
                            }
                          },
                          {
                            "match": {
                              "prefix": "/"
                            },
                            "direct_response": {
                              "status": 404
                            }
                          }
                        ]
                      }
                    ]
                  },
                  "http_filters": [
                    {
                      "name": "envoy.filters.http.router",
                      "typedConfig": {
                        "@type": "type.googleapis.com/envoy.extensions.filters.http.router.v3.Router"
                      }
                    }
                  ]
                }
              }
            ]
          }
        ]
      }
    ]
  },
  "dynamic_resources": {
    "lds_config": {
      "ads": {},
      "resource_api_version": "V3"
    },
    "cds_config": {
      "ads": {},
      "resource_api_version": "V3"
    },
    "ads_config": {
      "api_type": "DELTA_GRPC",
      "transport_api_version": "V3",
      "grpc_services": {
        "initial_metadata": [
          {
            "key": "x-consul-token",
            "value": "b19562d6-c563-4b7e-a2d6-32c44b48b7b1"
          }
        ],
        "envoy_grpc": {
          "cluster_name": "consul-server"
        }
      }
    }
  }
}
