metadata:
  creationTimestamp: null
  labels:
    managedBy: polar
    name: polar-annotations
  name: annotations
spec:
  selector:
    matchLabels:
      managedBy: polar
      name: polar-annotations
  strategy: {}
  template:
    metadata:
      creationTimestamp: null
      labels:
        managedBy: polar
        name: polar-annotations
    spec:
      containers:
      - command:
        - /bootstrap/polar
        - exec
        - -log-json
        - -log-level
        - info
        - -gateway-host
        - $(IP)
        - -gateway-ports
        - HTTP:http:80
        - -gateway-name
        - annotations
        - -consul-http-address
        - $(HOST_IP):8500
        - -consul-ca-cert-file
        - /ca/tls.crt
        env:
        - name: IP
          valueFrom:
            fieldRef:
              fieldPath: status.podIP
        - name: HOST_IP
          valueFrom:
            fieldRef:
              fieldPath: status.hostIP
        image: envoyproxy/envoy:v1.18-latest
        name: polar
        ports:
        - containerPort: 80
          name: http
          protocol: TCP
        resources: {}
        volumeMounts:
        - mountPath: /bootstrap
          name: bootstrap
        - mountPath: /certs
          name: certs
        - mountPath: /ca
          name: ca
          readOnly: true
      initContainers:
      - command:
        - cp
        - /bin/polar
        - /bootstrap/polar
        image: hashicorp/polar:0.1.0
        name: polar-init
        resources: {}
        volumeMounts:
        - mountPath: /bootstrap
          name: bootstrap
        - mountPath: /certs
          name: certs
        - mountPath: /ca
          name: ca
          readOnly: true
      volumes:
      - emptyDir: {}
        name: bootstrap
      - emptyDir: {}
        name: certs
      - name: ca
        secret:
          secretName: super-secret
status: {}
