metadata:
  creationTimestamp: null
  labels:
    api-gateway.consul.hashicorp.com/created: "-62135596800"
    api-gateway.consul.hashicorp.com/managed: "true"
    api-gateway.consul.hashicorp.com/name: test-static-mapping
    api-gateway.consul.hashicorp.com/namespace: ""
  name: test-static-mapping
spec:
  replicas: 1
  selector:
    matchLabels:
      api-gateway.consul.hashicorp.com/created: "-62135596800"
      api-gateway.consul.hashicorp.com/managed: "true"
      api-gateway.consul.hashicorp.com/name: test-static-mapping
      api-gateway.consul.hashicorp.com/namespace: ""
  strategy: {}
  template:
    metadata:
      annotations:
        consul.hashicorp.com/connect-inject: "false"
      creationTimestamp: null
      labels:
        api-gateway.consul.hashicorp.com/created: "-62135596800"
        api-gateway.consul.hashicorp.com/managed: "true"
        api-gateway.consul.hashicorp.com/name: test-static-mapping
        api-gateway.consul.hashicorp.com/namespace: ""
    spec:
      affinity:
        podAntiAffinity:
          preferredDuringSchedulingIgnoredDuringExecution:
          - podAffinityTerm:
              labelSelector:
                matchLabels:
                  api-gateway.consul.hashicorp.com/created: "-62135596800"
                  api-gateway.consul.hashicorp.com/managed: "true"
                  api-gateway.consul.hashicorp.com/name: test-static-mapping
                  api-gateway.consul.hashicorp.com/namespace: ""
              topologyKey: kubernetes.io/hostname
            weight: 1
      containers:
      - command:
        - /bin/sh
        - -ec
        - |2-


          exec /bootstrap/consul-api-gateway exec -log-json \
            -log-level info \
            -gateway-host "$(IP)" \
            -gateway-name test-static-mapping \
            -gateway-namespace test \
            -consul-http-address host.docker.internal \
            -consul-http-port 443 \
            -consul-xds-port  8502 \
            -acl-auth-method consul-api-gateway \
            -envoy-bootstrap-path /bootstrap/envoy.json \
            -envoy-sds-address consul-api-gateway-controller.default.svc.cluster.local \
            -envoy-sds-port 9090
        env:
        - name: IP
          valueFrom:
            fieldRef:
              fieldPath: status.podIP
        - name: HOST_IP
          valueFrom:
            fieldRef:
              fieldPath: status.hostIP
        image: envoyproxy/envoy:v1.20-latest
        name: consul-api-gateway
        ports:
        - containerPort: 20000
          name: ready
          protocol: TCP
        - containerPort: 8083
          hostPort: 8083
          name: http
          protocol: TCP
        - containerPort: 8443
          hostPort: 8443
          name: https
          protocol: TCP
        readinessProbe:
          httpGet:
            path: /ready
            port: 20000
        resources: {}
        volumeMounts:
        - mountPath: /bootstrap
          name: bootstrap
        - mountPath: /certs
          name: certs
      initContainers:
      - command:
        - cp
        - /bin/consul-api-gateway
        - /bootstrap/consul-api-gateway
        image: hashicorp/consul-api-gateway:0.5.0
        name: consul-api-gateway-init
        resources: {}
        volumeMounts:
        - mountPath: /bootstrap
          name: bootstrap
        - mountPath: /certs
          name: certs
      nodeSelector:
        ingress-ready: "true"
      serviceAccountName: consul-api-gateway
      volumes:
      - emptyDir: {}
        name: bootstrap
      - emptyDir: {}
        name: certs
status: {}
