metadata:
  creationTimestamp: null
  labels:
    managedBy: consul-api-gateway
    name: test-loadbalancer
  name: test-loadbalancer
spec:
  ports:
  - name: http
    port: 8080
    protocol: TCP
    targetPort: 0
  - name: https
    port: 8443
    protocol: TCP
    targetPort: 0
  selector:
    managedBy: consul-api-gateway
    name: test-loadbalancer
  type: LoadBalancer
status:
  loadBalancer: {}
