metadata:
  creationTimestamp: null
  labels:
    api-gateway.consul.hashicorp.com/managed: "true"
    api-gateway.consul.hashicorp.com/name: test-loadbalancer
    api-gateway.consul.hashicorp.com/namespace: ""
  name: test-loadbalancer
spec:
  ports:
  - name: http
    port: 8080
    protocol: TCP
    targetPort: 0
  - name: https
    port: 8443
    protocol: TCP
    targetPort: 0
  selector:
    api-gateway.consul.hashicorp.com/managed: "true"
    api-gateway.consul.hashicorp.com/name: test-loadbalancer
    api-gateway.consul.hashicorp.com/namespace: ""
  type: LoadBalancer
status:
  loadBalancer: {}
